HITAKI_0_1_0 {
  global:
    "hitaki_alsa_firewire_type_get_type";

    "hitaki_alsa_firewire_get_type";
    "hitaki_alsa_firewire_open";
    "hitaki_alsa_firewire_lock";
    "hitaki_alsa_firewire_unlock";
    "hitaki_alsa_firewire_create_source";

    "hitaki_alsa_firewire_error_get_type";
    "hitaki_alsa_firewire_error_quark";
    "hitaki_alsa_firewire_error_to_label";

    "hitaki_snd_unit_get_type";
    "hitaki_snd_unit_new";

    "hitaki_quadlet_notification_get_type";

    "hitaki_snd_digi00x_get_type";
    "hitaki_snd_digi00x_new";

    "hitaki_snd_dice_get_type";
    "hitaki_snd_dice_new";

    "hitaki_efw_protocol_error_get_type";
    "hitaki_efw_protocol_error_quark";
    "hitaki_efw_protocol_error_to_label";

    "hitaki_efw_protocol_get_type";
    "hitaki_efw_protocol_transmit_request";
    "hitaki_efw_protocol_receive_response";
    "hitaki_efw_protocol_transaction";

    "hitaki_snd_efw_get_type";
    "hitaki_snd_efw_new";

    "hitaki_snd_motu_register_dsp_parameter_get_type";
    "hitaki_snd_motu_register_dsp_parameter_new";
    "hitaki_snd_motu_register_dsp_parameter_get_mixer_source_gain";
    "hitaki_snd_motu_register_dsp_parameter_get_mixer_source_pan";
    "hitaki_snd_motu_register_dsp_parameter_get_mixer_source_flag";
    "hitaki_snd_motu_register_dsp_parameter_get_mixer_source_paired_balance";
    "hitaki_snd_motu_register_dsp_parameter_get_mixer_source_paired_width";
    "hitaki_snd_motu_register_dsp_parameter_get_mixer_output_paired_volume";
    "hitaki_snd_motu_register_dsp_parameter_get_mixer_output_paired_flag";
    "hitaki_snd_motu_register_dsp_parameter_get_main_output_paired_volume";
    "hitaki_snd_motu_register_dsp_parameter_get_headphone_output_paired_volume";
    "hitaki_snd_motu_register_dsp_parameter_get_headphone_output_paired_assignment";
    "hitaki_snd_motu_register_dsp_parameter_get_line_input_boost_flag";
    "hitaki_snd_motu_register_dsp_parameter_get_line_input_nominal_level_flag";
    "hitaki_snd_motu_register_dsp_parameter_get_input_gain_and_invert";
    "hitaki_snd_motu_register_dsp_parameter_get_input_flag";

    "hitaki_motu_register_dsp_get_type";
    "hitaki_motu_register_dsp_read_parameter";
    "hitaki_motu_register_dsp_read_byte_meter";

    "hitaki_motu_command_dsp_get_type";
    "hitaki_motu_command_dsp_read_float_meter";

    "hitaki_snd_motu_get_type";
    "hitaki_snd_motu_new";

    "hitaki_tascam_protocol_get_type";
    "hitaki_tascam_protocol_read_state";
  local:
    *;
};
